// Jest Snapshot v1, https://goo.gl/fbAQLP

exports[`Should configure and create new application 1`] = `
Object {
  "specla": Object {
    "build": Object {
      "path": "./build",
    },
    "command": Object {
      "path": "./build/commands",
    },
    "config": Object {
      "path": "./build/config",
    },
    "src": Object {
      "path": "./src",
    },
  },
}
`;

exports[`Should throw error if multiple instances of Specla is created 1`] = `"Specla is already instanciated, use the .reset() method if you want a new instance"`;
